// Jest Snapshot v1, https://goo.gl/fbAQLP

exports[`ContactsDropdown should correctly render 1`] = `
<div
  className="undefined "
>
  <div
    className="
        undefined 
        
      "
    onClick={[Function]}
  >
    <span
      className="undefined"
    >
      No Contacts
    </span>
  </div>
  <div
    className="
      undefined 
      "
  >
    <div>
      <div
        className="undefined"
      >
        <label>
          <input
            checked={false}
            onChange={[Function]}
            type="checkbox"
          />
          Mocked Contact
        </label>
      </div>
    </div>
  </div>
</div>
`;
